// Jest Snapshot v1, https://goo.gl/fbAQLP

exports[`<ImportKeystoreModal /> renders correctly 1`] = `
<EZModal
  content={[Function]}
  header="Import Keystore"
  noSubmitButton={true}
  onClose={[Function]}
  size="small"
  trigger={<div />}
/>
`;
