// Jest Snapshot v1, https://goo.gl/fbAQLP

exports[`<V3KeystoreEditForm /> renders correctly 1`] = `
<div>
  <FormField
    formChange={[Function]}
    formData={
      Object {
        "name": "test name",
      }
    }
    label="Name"
    name="name"
    placeholder="Nickname for the Address"
  />
  <Connect(NetworkTokensSelector)
    formChange={[Function]}
    formData={
      Object {
        "name": "test name",
      }
    }
  />
  <V3KeystoreDownloadButton
    keystore={
      Object {
        "addresses": Array [
          Object {
            "address": "0x12345",
            "name": "test address 1",
            "networks": Array [
              Object {
                "id": 1,
              },
              Object {
                "id": 2,
              },
            ],
            "tokens": Array [
              Object {
                "id": 1,
              },
              Object {
                "id": 2,
              },
            ],
          },
        ],
        "type": "testType",
      }
    }
    props={
      Object {
        "color": "blue",
        "content": "Download JSON",
        "icon": "download",
      }
    }
  />
</div>
`;
