// Jest Snapshot v1, https://goo.gl/fbAQLP

exports[`<DownloadJsonButton /> renders correctly 1`] = `
<Button
  as="button"
  onClick={[Function]}
/>
`;
