// Jest Snapshot v1, https://goo.gl/fbAQLP

exports[`<FormField /> renders correctly 1`] = `
<FormField>
  <Input
    name="TestField"
    onChange={[Function]}
    type="text"
    value="test value"
  />
</FormField>
`;
