// Jest Snapshot v1, https://goo.gl/fbAQLP

exports[`<TransactionSigningOverlay /> renders correctly 1`] = `null`;
