// Jest Snapshot v1, https://goo.gl/fbAQLP

exports[`<LedgerKeystoreTransactionSigner /> renders correctly 1`] = `
<LedgerContianer
  expect={
    Object {
      "address": "0x123435",
      "kdPath": "kdPath test",
    }
  }
  onReady={[Function]}
  renderReady={[Function]}
/>
`;
