// Jest Snapshot v1, https://goo.gl/fbAQLP

exports[`<LedgerKeystoreCreationForm /> renders correctly 1`] = `
<LedgerContianer
  renderReady={[Function]}
/>
`;
